MO register_logic NULL register_logic.v vlg7A/register__logic.bin 1487984224
MO clkdiv NULL clkdiv.v vlg31/clkdiv.bin 1487984066
MO carrylookahead_st NULL carrylookahead_st.v vlg3B/carrylookahead__st.bin 1487984224
MO falogic NULL falogic.v vlg09/falogic.bin 1487984224
MO carrylogic NULL carrylogic.v vlg47/carrylogic.bin 1487984224
