MO five_bit_register_MUSER_four_bit_ripple_carry_adder NULL four_bit_ripple_carry_adder.vf vlg2A/five__bit__register___m_u_s_e_r__four__bit__ripple__carry__adder.bin 1487984470
MO full_adder_MUSER_four_bit_ripple_carry_adder NULL four_bit_ripple_carry_adder.vf vlg54/full__adder___m_u_s_e_r__four__bit__ripple__carry__adder.bin 1487984470
MO five_bit_register NULL five_bit_register.vf vlg20/five__bit__register.bin 1487984470
MO four_bit_ripple_carry_adder NULL four_bit_ripple_carry_adder.vf vlg68/four__bit__ripple__carry__adder.bin 1487984470
MO full_adder NULL full_adder.vf vlg5A/full__adder.bin 1487984470
