MO edgedetector_bh NULL edgedetector_bh.v vlg7C/edgedetector__bh.bin 1487031750
MO rising_edge_detector_sm NULL rising_edge_detector_sm.vf vlg24/rising__edge__detector__sm.bin 1487024760
MO rising_edge_detector_bm_clkdiv NULL rising_edge_detector_bm_clkdiv.v vlg6B/rising__edge__detector__bm__clkdiv.bin 1487031750
